mock upload server on 127.0.0.1:8443 (TLS) — SANDBOX ONLY
[52220] connection closed
[52232] <- opcode 6 (FILE)
[52232]    FILE declared 1000B; reading in <= 2800B chunks
[52238] <- opcode 6 (FILE)
[52238]    FILE declared 1000B; reading in <= 2800B chunks
[52246] <- opcode 6 (FILE)
[52246]    FILE declared 1000B; reading in <= 2800B chunks
[52254] <- opcode 6 (FILE)
[52254]    FILE declared 1000B; reading in <= 2800B chunks
[52260] <- opcode 6 (FILE)
[52260]    FILE declared 1000B; reading in <= 2800B chunks
[52272] <- opcode 6 (FILE)
[52272]    FILE declared 1000B; reading in <= 2800B chunks
[52284] <- opcode 6 (FILE)
[52284]    FILE declared 1000B; reading in <= 2800B chunks
[52286] <- opcode 6 (FILE)
[52286]    FILE declared 1000B; reading in <= 2800B chunks
[52310] <- opcode 6 (FILE)
[52310]    FILE declared 1000B; reading in <= 2800B chunks
[52328] <- opcode 6 (FILE)
[52328]    FILE declared 1000B; reading in <= 2800B chunks
[52334] <- opcode 6 (FILE)
[52334]    FILE declared 1000B; reading in <= 2800B chunks
[52366] <- opcode 6 (FILE)
[52366]    FILE declared 1000B; reading in <= 2800B chunks
[52410] <- opcode 6 (FILE)
[52410]    FILE declared 1000B; reading in <= 2800B chunks
[52426] <- opcode 6 (FILE)
[52426]    FILE declared 1000B; reading in <= 2800B chunks
[52468] <- opcode 6 (FILE)
[52468]    FILE declared 1000B; reading in <= 2800B chunks
[52526] <- opcode 6 (FILE)
[52526]    FILE declared 1000B; reading in <= 2800B chunks
[52556] <- opcode 6 (FILE)
[52556]    FILE declared 1000B; reading in <= 2800B chunks
[52316] <- opcode 6 (FILE)
[52316]    FILE declared 1000B; reading in <= 2800B chunks
[52298] <- opcode 6 (FILE)
[52298]    FILE declared 1000B; reading in <= 2800B chunks
[52318] <- opcode 6 (FILE)
[52318]    FILE declared 1000B; reading in <= 2800B chunks
[52312] <- opcode 6 (FILE)
[52312]    FILE declared 1000B; reading in <= 2800B chunks
[52308] <- opcode 6 (FILE)
[52308]    FILE declared 1000B; reading in <= 2800B chunks
[52482] <- opcode 6 (FILE)
[52482]    FILE declared 1000B; reading in <= 2800B chunks
[52630] <- opcode 6 (FILE)
[52630]    FILE declared 1000B; reading in <= 2800B chunks
[52452] <- opcode 6 (FILE)
[52452]    FILE declared 1000B; reading in <= 2800B chunks
[52446] <- opcode 6 (FILE)
[52446]    FILE declared 1000B; reading in <= 2800B chunks
[52414] <- opcode 6 (FILE)
[52414]    FILE declared 1000B; reading in <= 2800B chunks
[52518] <- opcode 6 (FILE)
[52518]    FILE declared 1000B; reading in <= 2800B chunks
[52618] <- opcode 6 (FILE)
[52618]    FILE declared 1000B; reading in <= 2800B chunks
[52400] <- opcode 6 (FILE)
[52400]    FILE declared 1000B; reading in <= 2800B chunks
[52388] <- opcode 6 (FILE)
[52388]    FILE declared 1000B; reading in <= 2800B chunks
[52552] <- opcode 6 (FILE)
[52552]    FILE declared 1000B; reading in <= 2800B chunks
[52532] <- opcode 6 (FILE)
[52532]    FILE declared 1000B; reading in <= 2800B chunks
[52342] <- opcode 6 (FILE)
[52342]    FILE declared 1000B; reading in <= 2800B chunks
[52420] <- opcode 6 (FILE)
[52420]    FILE declared 1000B; reading in <= 2800B chunks
[52432] <- opcode 6 (FILE)
[52432]    FILE declared 1000B; reading in <= 2800B chunks
[52500] <- opcode 6 (FILE)
[52500]    FILE declared 1000B; reading in <= 2800B chunks
[52504] <- opcode 6 (FILE)
[52504]    FILE declared 1000B; reading in <= 2800B chunks
[52586] <- opcode 6 (FILE)
[52586]    FILE declared 1000B; reading in <= 2800B chunks
[52544] <- opcode 6 (FILE)
[52544]    FILE declared 1000B; reading in <= 2800B chunks
[52380] <- opcode 6 (FILE)
[52380]    FILE declared 1000B; reading in <= 2800B chunks
[52490] <- opcode 6 (FILE)
[52490]    FILE declared 1000B; reading in <= 2800B chunks
[52354] <- opcode 6 (FILE)
[52354]    FILE declared 1000B; reading in <= 2800B chunks
[52570] <- opcode 6 (FILE)
[52570]    FILE declared 1000B; reading in <= 2800B chunks
[52392] <- opcode 6 (FILE)
[52392]    FILE declared 1000B; reading in <= 2800B chunks
[52416] <- opcode 6 (FILE)
[52416]    FILE declared 1000B; reading in <= 2800B chunks
[52422] <- opcode 6 (FILE)
[52422]    FILE declared 1000B; reading in <= 2800B chunks
[52378] <- opcode 6 (FILE)
[52378]    FILE declared 1000B; reading in <= 2800B chunks
[52602] <- opcode 6 (FILE)
[52602]    FILE declared 1000B; reading in <= 2800B chunks
[52634] <- opcode 6 (FILE)
[52634]    FILE declared 1000B; reading in <= 2800B chunks
[59370] <- opcode 12 (METADATA)
[59370]    METADATA (15B): {"canary":true}
[59370] <- opcode 6 (FILE)
[59370]    FILE declared 16B; reading in <= 2800B chunks
[59370]    received 16B, sha256=374708fff7719dd5979ec875d56cd2286f6d3cf7ec317a3b25632aab28ec37bb
[59370] connection closed
[57890] <- opcode 12 (METADATA)
[57890]    METADATA (15B): {"canary":true}
[57890] <- opcode 6 (FILE)
[57890]    FILE declared 16B; reading in <= 2800B chunks
[57890]    received 16B, sha256=374708fff7719dd5979ec875d56cd2286f6d3cf7ec317a3b25632aab28ec37bb
[57890] connection closed
[52238]    received 1B, sha256=6e340b9cffb37a989ca544e6bb780a2c78901d3fb33738768511a30617afa01d
[52254]    received 1B, sha256=6e340b9cffb37a989ca544e6bb780a2c78901d3fb33738768511a30617afa01d
[52232]    received 1B, sha256=6e340b9cffb37a989ca544e6bb780a2c78901d3fb33738768511a30617afa01d
[52246]    received 1B, sha256=6e340b9cffb37a989ca544e6bb780a2c78901d3fb33738768511a30617afa01d
[52272]    received 1B, sha256=6e340b9cffb37a989ca544e6bb780a2c78901d3fb33738768511a30617afa01d
[52316]    received 1B, sha256=6e340b9cffb37a989ca544e6bb780a2c78901d3fb33738768511a30617afa01d
[52328]    received 1B, sha256=6e340b9cffb37a989ca544e6bb780a2c78901d3fb33738768511a30617afa01d
[52298]    received 1B, sha256=6e340b9cffb37a989ca544e6bb780a2c78901d3fb33738768511a30617afa01d
[52286]    received 1B, sha256=6e340b9cffb37a989ca544e6bb780a2c78901d3fb33738768511a30617afa01d
[52388]    received 1B, sha256=6e340b9cffb37a989ca544e6bb780a2c78901d3fb33738768511a30617afa01d
[52400]    received 1B, sha256=6e340b9cffb37a989ca544e6bb780a2c78901d3fb33738768511a30617afa01d
[52414]    received 1B, sha256=6e340b9cffb37a989ca544e6bb780a2c78901d3fb33738768511a30617afa01d
[52354]    received 1B, sha256=6e340b9cffb37a989ca544e6bb780a2c78901d3fb33738768511a30617afa01d
[52432]    received 1B, sha256=6e340b9cffb37a989ca544e6bb780a2c78901d3fb33738768511a30617afa01d
[52446]    received 1B, sha256=6e340b9cffb37a989ca544e6bb780a2c78901d3fb33738768511a30617afa01d
[52254]    session ended: EOF occurred in violation of protocol (_ssl.c:2417)
[52410]    received 1B, sha256=6e340b9cffb37a989ca544e6bb780a2c78901d3fb33738768511a30617afa01d
[52552]    received 1B, sha256=6e340b9cffb37a989ca544e6bb780a2c78901d3fb33738768511a30617afa01d
[52570]    received 1B, sha256=6e340b9cffb37a989ca544e6bb780a2c78901d3fb33738768511a30617afa01d
[52586]    received 1B, sha256=6e340b9cffb37a989ca544e6bb780a2c78901d3fb33738768511a30617afa01d
[52630]    received 1B, sha256=6e340b9cffb37a989ca544e6bb780a2c78901d3fb33738768511a30617afa01d
[52468]    received 1B, sha256=6e340b9cffb37a989ca544e6bb780a2c78901d3fb33738768511a30617afa01d
[52482]    received 1B, sha256=6e340b9cffb37a989ca544e6bb780a2c78901d3fb33738768511a30617afa01d
[52526]    received 1B, sha256=6e340b9cffb37a989ca544e6bb780a2c78901d3fb33738768511a30617afa01d
[52504]    received 1B, sha256=6e340b9cffb37a989ca544e6bb780a2c78901d3fb33738768511a30617afa01d
[52532]    received 1B, sha256=6e340b9cffb37a989ca544e6bb780a2c78901d3fb33738768511a30617afa01d
[52420]    received 1B, sha256=6e340b9cffb37a989ca544e6bb780a2c78901d3fb33738768511a30617afa01d
[52378]    received 1B, sha256=6e340b9cffb37a989ca544e6bb780a2c78901d3fb33738768511a30617afa01d
[52618]    received 1B, sha256=6e340b9cffb37a989ca544e6bb780a2c78901d3fb33738768511a30617afa01d
[52308]    received 1B, sha256=6e340b9cffb37a989ca544e6bb780a2c78901d3fb33738768511a30617afa01d
[52318]    received 1B, sha256=6e340b9cffb37a989ca544e6bb780a2c78901d3fb33738768511a30617afa01d
[52272]    session ended: EOF occurred in violation of protocol (_ssl.c:2417)
[52380]    received 1B, sha256=6e340b9cffb37a989ca544e6bb780a2c78901d3fb33738768511a30617afa01d
[52328]    session ended: EOF occurred in violation of protocol (_ssl.c:2417)
[52298]    session ended: EOF occurred in violation of protocol (_ssl.c:2417)
[52286]    session ended: EOF occurred in violation of protocol (_ssl.c:2417)
[52388]    session ended: EOF occurred in violation of protocol (_ssl.c:2417)
[52426]    received 1B, sha256=6e340b9cffb37a989ca544e6bb780a2c78901d3fb33738768511a30617afa01d
[52452]    received 1B, sha256=6e340b9cffb37a989ca544e6bb780a2c78901d3fb33738768511a30617afa01d
[52392]    received 1B, sha256=6e340b9cffb37a989ca544e6bb780a2c78901d3fb33738768511a30617afa01d
[52446]    session ended: EOF occurred in violation of protocol (_ssl.c:2417)
[52232]    session ended: EOF occurred in violation of protocol (_ssl.c:2417)
[52556]    received 1B, sha256=6e340b9cffb37a989ca544e6bb780a2c78901d3fb33738768511a30617afa01d
[52366]    received 1B, sha256=6e340b9cffb37a989ca544e6bb780a2c78901d3fb33738768511a30617afa01d
[52570]    session ended: EOF occurred in violation of protocol (_ssl.c:2417)
[52552]    session ended: EOF occurred in violation of protocol (_ssl.c:2417)
[52490]    received 1B, sha256=6e340b9cffb37a989ca544e6bb780a2c78901d3fb33738768511a30617afa01d
[52468]    session ended: EOF occurred in violation of protocol (_ssl.c:2417)
[52482]    session ended: EOF occurred in violation of protocol (_ssl.c:2417)
[52422]    received 1B, sha256=6e340b9cffb37a989ca544e6bb780a2c78901d3fb33738768511a30617afa01d
[52532]    session ended: EOF occurred in violation of protocol (_ssl.c:2417)
[52260]    received 1B, sha256=6e340b9cffb37a989ca544e6bb780a2c78901d3fb33738768511a30617afa01d
[52378]    session ended: EOF occurred in violation of protocol (_ssl.c:2417)
[52246]    session ended: EOF occurred in violation of protocol (_ssl.c:2417)
[52308]    session ended: EOF occurred in violation of protocol (_ssl.c:2417)
[52318]    session ended: EOF occurred in violation of protocol (_ssl.c:2417)
[52380]    session ended: EOF occurred in violation of protocol (_ssl.c:2417)
[52342]    received 1B, sha256=6e340b9cffb37a989ca544e6bb780a2c78901d3fb33738768511a30617afa01d
[52400]    session ended: EOF occurred in violation of protocol (_ssl.c:2417)
[52354]    session ended: EOF occurred in violation of protocol (_ssl.c:2417)
[52432]    session ended: EOF occurred in violation of protocol (_ssl.c:2417)
[52392]    session ended: EOF occurred in violation of protocol (_ssl.c:2417)
[52602]    received 1B, sha256=6e340b9cffb37a989ca544e6bb780a2c78901d3fb33738768511a30617afa01d
[52452]    session ended: EOF occurred in violation of protocol (_ssl.c:2417)
[52556]    session ended: EOF occurred in violation of protocol (_ssl.c:2417)
[52500]    received 1B, sha256=6e340b9cffb37a989ca544e6bb780a2c78901d3fb33738768511a30617afa01d
[52366]    session ended: EOF occurred in violation of protocol (_ssl.c:2417)
[52544]    received 1B, sha256=6e340b9cffb37a989ca544e6bb780a2c78901d3fb33738768511a30617afa01d
[52312]    received 1B, sha256=6e340b9cffb37a989ca544e6bb780a2c78901d3fb33738768511a30617afa01d
[52526]    session ended: EOF occurred in violation of protocol (_ssl.c:2417)
[52618]    session ended: EOF occurred in violation of protocol (_ssl.c:2417)
[52238]    session ended: EOF occurred in violation of protocol (_ssl.c:2417)
[52316]    session ended: EOF occurred in violation of protocol (_ssl.c:2417)
[52416]    received 1B, sha256=6e340b9cffb37a989ca544e6bb780a2c78901d3fb33738768511a30617afa01d
[52342]    session ended: EOF occurred in violation of protocol (_ssl.c:2417)
[52518]    received 1B, sha256=6e340b9cffb37a989ca544e6bb780a2c78901d3fb33738768511a30617afa01d
[52410]    session ended: EOF occurred in violation of protocol (_ssl.c:2417)
[52586]    session ended: EOF occurred in violation of protocol (_ssl.c:2417)
[52490]    session ended: EOF occurred in violation of protocol (_ssl.c:2417)
[52602]    session ended: EOF occurred in violation of protocol (_ssl.c:2417)
[52504]    session ended: EOF occurred in violation of protocol (_ssl.c:2417)
[52422]    session ended: EOF occurred in violation of protocol (_ssl.c:2417)
[52312]    session ended: EOF occurred in violation of protocol (_ssl.c:2417)
[52334]    received 1B, sha256=6e340b9cffb37a989ca544e6bb780a2c78901d3fb33738768511a30617afa01d
[52414]    session ended: EOF occurred in violation of protocol (_ssl.c:2417)
[52634]    received 1B, sha256=6e340b9cffb37a989ca544e6bb780a2c78901d3fb33738768511a30617afa01d
[52310]    received 1B, sha256=6e340b9cffb37a989ca544e6bb780a2c78901d3fb33738768511a30617afa01d
[52500]    session ended: EOF occurred in violation of protocol (_ssl.c:2417)
[52420]    session ended: EOF occurred in violation of protocol (_ssl.c:2417)
[52260]    session ended: EOF occurred in violation of protocol (_ssl.c:2417)
[52426]    session ended: EOF occurred in violation of protocol (_ssl.c:2417)
[52630]    session ended: EOF occurred in violation of protocol (_ssl.c:2417)
[52634]    session ended: EOF occurred in violation of protocol (_ssl.c:2417)
[52310]    session ended: EOF occurred in violation of protocol (_ssl.c:2417)
[52416]    session ended: EOF occurred in violation of protocol (_ssl.c:2417)
[52518]    session ended: EOF occurred in violation of protocol (_ssl.c:2417)
[52284]    received 1B, sha256=6e340b9cffb37a989ca544e6bb780a2c78901d3fb33738768511a30617afa01d
[52544]    session ended: EOF occurred in violation of protocol (_ssl.c:2417)
[52334]    session ended: EOF occurred in violation of protocol (_ssl.c:2417)
[52284]    session ended: EOF occurred in violation of protocol (_ssl.c:2417)
[57894] <- opcode 12 (METADATA)
[57894]    METADATA (107B): {"cameraSerial": "MOCK-ATTACK", "createdAt": 1789828540, "note": "ordering-attack: metadata sent pre-auth"}
[57894] connection closed
[57898] <- opcode 6 (FILE)
[57898]    FILE declared 4096B; reading in <= 2800B chunks
[57898]    received 4096B, sha256=6896d9ea3f73a4434f5832bc65714e7d066f177373f36f34dc8a6f735daa41b1
[57898] connection closed
[57902] <- opcode 7 (HASH)
[57902]    client sha256=e3b0c44298fc1c149afbf4c8996fb92427ae41e4649b934ca495991b7852b855  match=True
[57902] connection closed
[57914] <- opcode 8 (UPLOAD_SAVE)
[57914] <- opcode 9 (UPLOAD_COMPLETE)
[57914] connection closed
[57924] <- opcode 9 (UPLOAD_COMPLETE)
[57924] <- opcode 8 (UPLOAD_SAVE)
[57924] <- opcode 7 (HASH)
[57924]    client sha256=e3b0c44298fc1c149afbf4c8996fb92427ae41e4649b934ca495991b7852b855  match=True
[57924] <- opcode 6 (FILE)
[57924]    FILE declared 512B; reading in <= 2800B chunks
[57924]    received 512B, sha256=4391da166394eb9d592a66cdb937c0aa011b9fd54cb2fa0e7f5c7a6648c6625a
[57924] <- opcode 12 (METADATA)
[57924]    METADATA (26B): {"reverse":"order-attack"}
[57924] <- opcode 5 (UPLOAD_START)
[57924] <- opcode 4 (SESSION)
[57924] connection closed
[57930] <- opcode 8 (UPLOAD_SAVE)
[57930] <- opcode 9 (UPLOAD_COMPLETE)
[57930] <- opcode 6 (FILE)
[57930]    FILE declared 2048B; reading in <= 2800B chunks
[57930]    received 2048B, sha256=2f240b2aa2e90308072b3720e8db41bdb85663903985426ef1cd981019b95306
[57930] connection closed
[57944] <- opcode 2 (HELLO)
[57944]    protocol=v3  hello-payload (98B): {"authToken": "SANDBOX-FAKE-TOKEN", "serial": "MOCK-000000", "clientVersion": "sandbox-ack-probe"}
[57944]    client ack=0
[57944] <- opcode 4 (SESSION)
[57944] <- opcode 5 (UPLOAD_START)
[57944] <- opcode 12 (METADATA)
[57944]    METADATA (74B): {"cameraSerial": "MOCK-000000", "createdAt": 1789828541, "detections": []}
[57944] <- opcode 6 (FILE)
[57944]    FILE declared 2048B; reading in <= 2800B chunks
[57944]    received 2048B, sha256=426002a6bb18554638762c057c0f9bb38e465e694c49328fcd6c1b5755cbe31a
[57944] <- opcode 7 (HASH)
[57944]    client sha256=426002a6bb18554638762c057c0f9bb38e465e694c49328fcd6c1b5755cbe31a  match=True
[57944] <- opcode 8 (UPLOAD_SAVE)
[57944] <- opcode 9 (UPLOAD_COMPLETE)
[57944] connection closed
[57948] <- opcode 2 (HELLO)
[57948]    protocol=v3  hello-payload (98B): {"authToken": "SANDBOX-FAKE-TOKEN", "serial": "MOCK-000000", "clientVersion": "sandbox-ack-probe"}
[57948]    client ack=4
[57948] <- opcode 4 (SESSION)
[57948] <- opcode 5 (UPLOAD_START)
[57948] <- opcode 12 (METADATA)
[57948]    METADATA (74B): {"cameraSerial": "MOCK-000000", "createdAt": 1789828541, "detections": []}
[57948] <- opcode 6 (FILE)
[57948]    FILE declared 2048B; reading in <= 2800B chunks
[57948]    received 2048B, sha256=e4ee31640438e41c1062f81c9e61608c1b96d9f54c58f34862d7f35f43067d1c
[57948] <- opcode 7 (HASH)
[57948]    client sha256=e4ee31640438e41c1062f81c9e61608c1b96d9f54c58f34862d7f35f43067d1c  match=True
[57948] <- opcode 8 (UPLOAD_SAVE)
[57948] <- opcode 9 (UPLOAD_COMPLETE)
[57948] connection closed
[57950] <- opcode 2 (HELLO)
[57950]    protocol=v3  hello-payload (98B): {"authToken": "SANDBOX-FAKE-TOKEN", "serial": "MOCK-000000", "clientVersion": "sandbox-ack-probe"}
[57950]    client ack=12
[57950] <- opcode 4 (SESSION)
[57950] <- opcode 5 (UPLOAD_START)
[57950] <- opcode 12 (METADATA)
[57950]    METADATA (74B): {"cameraSerial": "MOCK-000000", "createdAt": 1789828541, "detections": []}
[57950] <- opcode 6 (FILE)
[57950]    FILE declared 2048B; reading in <= 2800B chunks
[57950]    received 2048B, sha256=5071afb0f7aa98ce82f656df3f387b43c0d09479c0ef94779ae30c516fd06d33
[57950] <- opcode 7 (HASH)
[57950]    client sha256=5071afb0f7aa98ce82f656df3f387b43c0d09479c0ef94779ae30c516fd06d33  match=True
[57950] <- opcode 8 (UPLOAD_SAVE)
[57950] <- opcode 9 (UPLOAD_COMPLETE)
[57950] connection closed
[57962] <- opcode 2 (HELLO)
[57962]    protocol=v3  hello-payload (98B): {"authToken": "SANDBOX-FAKE-TOKEN", "serial": "MOCK-000000", "clientVersion": "sandbox-ack-probe"}
[57962]    client ack=255
[57962] <- opcode 4 (SESSION)
[57962] <- opcode 5 (UPLOAD_START)
[57962] <- opcode 12 (METADATA)
[57962]    METADATA (74B): {"cameraSerial": "MOCK-000000", "createdAt": 1789828541, "detections": []}
[57962] <- opcode 6 (FILE)
[57962]    FILE declared 2048B; reading in <= 2800B chunks
[57962]    received 2048B, sha256=7f437b4658afad39a2cd5d4000b86a26f3d61927b1a6551750980a3e40c32120
[57962] <- opcode 7 (HASH)
[57962]    client sha256=7f437b4658afad39a2cd5d4000b86a26f3d61927b1a6551750980a3e40c32120  match=True
[57962] <- opcode 8 (UPLOAD_SAVE)
[57962] <- opcode 9 (UPLOAD_COMPLETE)
[57962] connection closed
