mock upload server on 127.0.0.1:18082 (plaintext) ΓÇö SANDBOX ONLY
[45907] <- opcode 2 (HELLO)
[45907]    protocol=v3  hello-payload (88B): {"authToken": "SANDBOX-FAKE-TOKEN", "serial": "MOCK-000000", "clientVersion": "sandbox"}
[45907]    client ack=1
[45907] <- opcode 4 (SESSION)
[45907] <- opcode 5 (UPLOAD_START)
[45907] <- opcode 12 (METADATA)
[45907]    METADATA (169B): {"cameraSerial": "MOCK-000000", "createdAt": 1789831689, "detections": [{"className": "vehicle", "confidence": 0.9, "xmin": 0.1, "ymin": 0.1, "xmax": 0.5, "ymax": 0.5}]}
[45907] <- opcode 6 (FILE)
[45907]    FILE declared 4096B; reading in <= 2800B chunks
[45907]    received 4096B, sha256=0f437aba7b156427241277284ca4964b93774bd53054ada5ca822a4603927fb0
[45907] <- opcode 7 (HASH)
[45907]    client sha256=0f437aba7b156427241277284ca4964b93774bd53054ada5ca822a4603927fb0  match=True
[45907] <- opcode 8 (UPLOAD_SAVE)
[45907] <- opcode 9 (UPLOAD_COMPLETE)
[45907] <- opcode 4 (SESSION)
[45907] connection closed
[45931] <- opcode 2 (HELLO)
[45931]    protocol=v3  hello-payload (88B): {"authToken": "SANDBOX-FAKE-TOKEN", "serial": "MOCK-000000", "clientVersion": "sandbox"}
[45931]    client ack=1
[45931] <- opcode 4 (SESSION)
[45931] <- opcode 5 (UPLOAD_START)
[45931] <- opcode 12 (METADATA)
[45931]    METADATA (169B): {"cameraSerial": "MOCK-000000", "createdAt": 1789831689, "detections": [{"className": "vehicle", "confidence": 0.9, "xmin": 0.1, "ymin": 0.1, "xmax": 0.5, "ymax": 0.5}]}
[45931] <- opcode 6 (FILE)
[45931]    FILE declared 4096B; reading in <= 2800B chunks
[45931]    received 4096B, sha256=6e699e84f60e60d8a6768e2fa69b3bf8e9f8a92916d0fc92dffe29a411899e06
[45931] <- opcode 7 (HASH)
[45931]    client sha256=6e699e84f60e60d8a6768e2fa69b3bf8e9f8a92916d0fc92dffe29a411899e06  match=True
[45931] <- opcode 8 (UPLOAD_SAVE)
[45931] <- opcode 9 (UPLOAD_COMPLETE)
[45931] <- opcode 4 (SESSION)
[45931] connection closed
