mock upload server on 127.0.0.1:18080 (plaintext) ΓÇö SANDBOX ONLY
[45490] <- opcode 12 (METADATA)
[45490]    METADATA (107B): {"cameraSerial": "MOCK-ATTACK", "createdAt": 1789831642, "note": "ordering-attack: metadata sent pre-auth"}
[45490] connection closed
[45491] <- opcode 6 (FILE)
[45491]    FILE declared 4096B; reading in <= 2800B chunks
[45491]    received 4096B, sha256=6896d9ea3f73a4434f5832bc65714e7d066f177373f36f34dc8a6f735daa41b1
[45491] connection closed
[45492] <- opcode 7 (HASH)
[45492]    client sha256=e3b0c44298fc1c149afbf4c8996fb92427ae41e4649b934ca495991b7852b855  match=True
[45492] connection closed
[45493] <- opcode 8 (UPLOAD_SAVE)
[45493] <- opcode 9 (UPLOAD_COMPLETE)
[45493] connection closed
[45494] <- opcode 9 (UPLOAD_COMPLETE)
[45494] <- opcode 8 (UPLOAD_SAVE)
[45494] <- opcode 7 (HASH)
[45494]    client sha256=e3b0c44298fc1c149afbf4c8996fb92427ae41e4649b934ca495991b7852b855  match=True
[45494] <- opcode 6 (FILE)
[45494]    FILE declared 512B; reading in <= 2800B chunks
[45494]    received 512B, sha256=4391da166394eb9d592a66cdb937c0aa011b9fd54cb2fa0e7f5c7a6648c6625a
[45494] <- opcode 12 (METADATA)
[45494]    METADATA (26B): {"reverse":"order-attack"}
[45494] <- opcode 5 (UPLOAD_START)
[45494] <- opcode 4 (SESSION)
[45494] connection closed
[45495] <- opcode 8 (UPLOAD_SAVE)
[45495] <- opcode 9 (UPLOAD_COMPLETE)
[45495] <- opcode 6 (FILE)
[45495]    FILE declared 2048B; reading in <= 2800B chunks
[45495]    received 2048B, sha256=2f240b2aa2e90308072b3720e8db41bdb85663903985426ef1cd981019b95306
[45495] connection closed
